2026-06-10 10:44:25,294 - __main__ - INFO - Bot starting...
2026-06-10 10:44:28,750 - httpx - INFO - HTTP Request: POST https://api.telegram.org/bot8943651298:AAFYztQql1LfZC90oLmu3KlJVuNuwu_-EN0/getMe "HTTP/1.1 200 OK"
2026-06-10 10:44:28,836 - httpx - INFO - HTTP Request: POST https://api.telegram.org/bot8943651298:AAFYztQql1LfZC90oLmu3KlJVuNuwu_-EN0/deleteWebhook "HTTP/1.1 200 OK"
2026-06-10 10:44:28,838 - telegram.ext.Application - INFO - Application started
2026-06-10 10:44:39,418 - httpx - INFO - HTTP Request: POST https://api.telegram.org/bot8943651298:AAFYztQql1LfZC90oLmu3KlJVuNuwu_-EN0/getUpdates "HTTP/1.1 200 OK"
2026-06-10 10:44:49,510 - httpx - INFO - HTTP Request: POST https://api.telegram.org/bot8943651298:AAFYztQql1LfZC90oLmu3KlJVuNuwu_-EN0/getUpdates "HTTP/1.1 200 OK"
2026-06-10 10:44:59,593 - httpx - INFO - HTTP Request: POST https://api.telegram.org/bot8943651298:AAFYztQql1LfZC90oLmu3KlJVuNuwu_-EN0/getUpdates "HTTP/1.1 200 OK"
2026-06-10 10:45:09,724 - httpx - INFO - HTTP Request: POST https://api.telegram.org/bot8943651298:AAFYztQql1LfZC90oLmu3KlJVuNuwu_-EN0/getUpdates "HTTP/1.1 200 OK"
2026-06-10 10:45:19,849 - httpx - INFO - HTTP Request: POST https://api.telegram.org/bot8943651298:AAFYztQql1LfZC90oLmu3KlJVuNuwu_-EN0/getUpdates "HTTP/1.1 200 OK"
2026-06-10 10:45:29,950 - httpx - INFO - HTTP Request: POST https://api.telegram.org/bot8943651298:AAFYztQql1LfZC90oLmu3KlJVuNuwu_-EN0/getUpdates "HTTP/1.1 200 OK"
2026-06-10 10:45:40,045 - httpx - INFO - HTTP Request: POST https://api.telegram.org/bot8943651298:AAFYztQql1LfZC90oLmu3KlJVuNuwu_-EN0/getUpdates "HTTP/1.1 200 OK"
2026-06-10 10:45:50,127 - httpx - INFO - HTTP Request: POST https://api.telegram.org/bot8943651298:AAFYztQql1LfZC90oLmu3KlJVuNuwu_-EN0/getUpdates "HTTP/1.1 200 OK"
2026-06-10 10:46:00,210 - httpx - INFO - HTTP Request: POST https://api.telegram.org/bot8943651298:AAFYztQql1LfZC90oLmu3KlJVuNuwu_-EN0/getUpdates "HTTP/1.1 200 OK"
2026-06-10 10:46:10,376 - httpx - INFO - HTTP Request: POST https://api.telegram.org/bot8943651298:AAFYztQql1LfZC90oLmu3KlJVuNuwu_-EN0/getUpdates "HTTP/1.1 200 OK"
2026-06-10 10:46:20,467 - httpx - INFO - HTTP Request: POST https://api.telegram.org/bot8943651298:AAFYztQql1LfZC90oLmu3KlJVuNuwu_-EN0/getUpdates "HTTP/1.1 200 OK"
2026-06-10 10:46:30,579 - httpx - INFO - HTTP Request: POST https://api.telegram.org/bot8943651298:AAFYztQql1LfZC90oLmu3KlJVuNuwu_-EN0/getUpdates "HTTP/1.1 200 OK"
2026-06-10 10:46:40,739 - httpx - INFO - HTTP Request: POST https://api.telegram.org/bot8943651298:AAFYztQql1LfZC90oLmu3KlJVuNuwu_-EN0/getUpdates "HTTP/1.1 200 OK"
2026-06-10 10:46:50,831 - httpx - INFO - HTTP Request: POST https://api.telegram.org/bot8943651298:AAFYztQql1LfZC90oLmu3KlJVuNuwu_-EN0/getUpdates "HTTP/1.1 200 OK"
2026-06-10 10:47:00,906 - httpx - INFO - HTTP Request: POST https://api.telegram.org/bot8943651298:AAFYztQql1LfZC90oLmu3KlJVuNuwu_-EN0/getUpdates "HTTP/1.1 200 OK"
2026-06-10 10:47:11,022 - httpx - INFO - HTTP Request: POST https://api.telegram.org/bot8943651298:AAFYztQql1LfZC90oLmu3KlJVuNuwu_-EN0/getUpdates "HTTP/1.1 200 OK"
2026-06-10 10:47:21,112 - httpx - INFO - HTTP Request: POST https://api.telegram.org/bot8943651298:AAFYztQql1LfZC90oLmu3KlJVuNuwu_-EN0/getUpdates "HTTP/1.1 200 OK"
2026-06-10 10:47:31,191 - httpx - INFO - HTTP Request: POST https://api.telegram.org/bot8943651298:AAFYztQql1LfZC90oLmu3KlJVuNuwu_-EN0/getUpdates "HTTP/1.1 200 OK"
2026-06-10 10:47:41,269 - httpx - INFO - HTTP Request: POST https://api.telegram.org/bot8943651298:AAFYztQql1LfZC90oLmu3KlJVuNuwu_-EN0/getUpdates "HTTP/1.1 200 OK"
2026-06-10 10:47:51,361 - httpx - INFO - HTTP Request: POST https://api.telegram.org/bot8943651298:AAFYztQql1LfZC90oLmu3KlJVuNuwu_-EN0/getUpdates "HTTP/1.1 200 OK"
2026-06-10 10:48:01,446 - httpx - INFO - HTTP Request: POST https://api.telegram.org/bot8943651298:AAFYztQql1LfZC90oLmu3KlJVuNuwu_-EN0/getUpdates "HTTP/1.1 200 OK"
2026-06-10 10:48:11,527 - httpx - INFO - HTTP Request: POST https://api.telegram.org/bot8943651298:AAFYztQql1LfZC90oLmu3KlJVuNuwu_-EN0/getUpdates "HTTP/1.1 200 OK"
2026-06-10 10:48:21,613 - httpx - INFO - HTTP Request: POST https://api.telegram.org/bot8943651298:AAFYztQql1LfZC90oLmu3KlJVuNuwu_-EN0/getUpdates "HTTP/1.1 200 OK"
2026-06-10 10:48:29,811 - httpx - INFO - HTTP Request: POST https://api.telegram.org/bot8943651298:AAFYztQql1LfZC90oLmu3KlJVuNuwu_-EN0/getUpdates "HTTP/1.1 200 OK"
2026-06-10 10:48:29,813 - telegram.ext.Application - INFO - Application is stopping. This might take a moment.
2026-06-10 10:48:29,813 - telegram.ext.Application - INFO - Application.stop() complete
